2468 ticker eras
2659 eras after the FTD split
resolver's second pass: 76 issuers inferred, 0 first-pass answers its CUSIP evidence contradicts
issuer resolution: 0 EDGAR requests, 0 SEC data-file downloads (all threads)
FIGI handoff: ABI@2008-01-16 joins BBG000FJJW82, the line ABI@2008-07-25 is confirmed on (ABI@2008-01-16's CUSIP 038020103 ended as ABI@2008-07-25's 038149100 began on 2008-07-02)
FIGI handoff: ACAS@2008-01-16 joins BBG000BYR208, the line ACAS@2008-07-25 is confirmed on (ACAS@2008-01-16's CUSIP 024937104 ended as ACAS@2008-07-25's 02503Y103 began on 2008-07-09)
FIGI handoff: ACE@2008-07-25 joins BBG000BR14K5, the line CB@2016-06-30 is confirmed on (ACE@2008-07-25's CUSIP H0023R105 ended as CB@2016-06-30's H1467J104 began on 2016-01-19)
FIGI handoff: ACT@2014-12-31 joins BBG000FH8PX5, the line AGN@2015-06-30 is confirmed on (ACT@2014-12-31's CUSIP G0083B108 ended as AGN@2015-06-30's G0177J108 began on 2015-06-15)
FIGI handoff: AIV@2012-06-29 joins BBG000DD3510, the line AIV@2008-01-16 is confirmed on (AIV@2012-06-29 shares CUSIP 03748R101 with AIV@2008-01-16)
FIGI handoff: AMB@2008-01-16 joins BBG000B9Z0J8, the line PLD@2012-06-29 is confirmed on (AMB@2008-01-16's CUSIP 00163T109 ended as PLD@2012-06-29's 74340W103 began on 2011-06-06)
FIGI handoff: ARCP@2014-06-30 joins BBG001J4J8T9, the line VER@2015-12-31 is confirmed on (ARCP@2014-06-30's CUSIP 02917T104 ended as VER@2015-12-31's 92339V100 began on 2015-07-31)
FIGI handoff: ATK@2008-01-16 joins BBG000C4VW39, the line OA@2015-06-30 is confirmed on (ATK@2008-01-16's CUSIP 018804104 ended as OA@2015-06-30's 68557N103 began on 2015-02-13)
FIGI handoff: AWH@2008-01-16 joins BBG000N8Y8W6, the line AWH@2014-12-31 is confirmed on (AWH@2008-01-16's CUSIP G0219G203 ended as AWH@2014-12-31's H01531104 began on 2010-12-02)
FIGI handoff: BWC@2012-06-29 joins BBG000D86F25, the line BWXT@2015-12-31 is confirmed on (BWC@2012-06-29's CUSIP 05615F102 ended as BWXT@2015-12-31's 05605H100 began on 2015-07-06)
FIGI handoff: CBS@2008-01-16 joins BBG000C496P7, the line PARA@2022-06-30 is confirmed on (CBS@2008-01-16's CUSIP 124857202 ended as PARA@2022-06-30's 92556H206 began on 2019-12-05)
FIGI handoff: CFX@2012-06-29 joins BBG000C5Z443, the line ENOV@2022-06-30 is confirmed on (CFX@2012-06-29's CUSIP 194014106 ended as ENOV@2022-06-30's 194014502 began on 2022-04-06)
FIGI handoff: CLNS@2017-06-30 joins BBG00D30HGP6, the line CLNY@2018-06-30 is confirmed on (CLNS@2017-06-30's CUSIP 19625W104 ended as CLNY@2018-06-30's 19626G108 began on 2018-06-25)
FIGI handoff: COH@2008-01-16 joins BBG000BY29C7, the line TPR@2017-12-31 is confirmed on (COH@2008-01-16's CUSIP 189754104 ended as TPR@2017-12-31's 876030107 began on 2017-10-31)
FIGI handoff: COH@2012-06-29 joins BBG000BY29C7, the line TPR@2017-12-31 is confirmed on (COH@2008-01-16's CUSIP 189754104 ended as TPR@2017-12-31's 876030107 began on 2017-10-31)
FIGI handoff: COH@2014-12-31 joins BBG000BY29C7, the line TPR@2017-12-31 is confirmed on (COH@2008-01-16's CUSIP 189754104 ended as TPR@2017-12-31's 876030107 began on 2017-10-31)
FIGI handoff: CPO@2008-01-16 joins BBG000BXPZB7, the line INGR@2012-06-29 is confirmed on (CPO@2008-01-16's CUSIP 219023108 ended as INGR@2012-06-29's 457187102 began on 2012-06-04)
FIGI handoff: CREE@2008-01-16 joins BBG000BG14P4, the line WOLF@2021-12-31 is confirmed on (CREE@2008-01-16's CUSIP 225447101 ended as WOLF@2021-12-31's 977852102 began on 2021-10-05)
FIGI handoff: CWH@2012-06-29 joins BBG000BLG1L7, the line EQC@2014-12-31 is confirmed on (CWH@2012-06-29's CUSIP 203233101 ended as EQC@2014-12-31's 294628102 began on 2014-08-04)
FIGI handoff: DDR@2018-06-30 joins BBG000BGZ832, the line SITC@2018-12-31 is confirmed on (DDR@2018-06-30's CUSIP 23317H854 ended as SITC@2018-12-31's 82981J109 began on 2018-10-12)
FIGI handoff: DLPH@2015-06-30 joins BBG001QD41M9, the line APTV@2017-12-31 is confirmed on (DLPH@2015-06-30's CUSIP G27823106 ended as APTV@2017-12-31's G6095L109 began on 2017-12-06)
FIGI handoff: DPS@2012-06-29 joins BBG000TJM7F0, the line KDP@2018-12-31 is confirmed on (DPS@2012-06-29's CUSIP 26138E109 ended as KDP@2018-12-31's 49271V100 began on 2018-07-11)
FIGI handoff: DPS@2014-12-31 joins BBG000TJM7F0, the line KDP@2018-12-31 is confirmed on (DPS@2012-06-29's CUSIP 26138E109 ended as KDP@2018-12-31's 49271V100 began on 2018-07-11)
FIGI handoff: DTV@2012-06-29 joins BBG000FL1TC8, the line DTV@2012-12-31 is confirmed on (DTV@2012-06-29's CUSIP 25490A101 ended as DTV@2012-12-31's 25490A309 began on 2012-08-29)
FIGI handoff: DWDP@2017-12-31 joins BBG00BN961G4, the line DD@2019-06-30 is confirmed on (DWDP@2017-12-31's CUSIP 26078J100 ended as DD@2019-06-30's 26614N102 began on 2019-06-04)
FIGI handoff: FO@2008-01-16 joins BBG000FBR384, the line BEAM@2012-06-29 is confirmed on (FO@2008-01-16's CUSIP 349631101 ended as BEAM@2012-06-29's 073730103 began on 2011-10-05)
FIGI handoff: FPL@2008-01-16 joins BBG000BJSBJ0, the line NEE@2012-06-29 is confirmed on (FPL@2008-01-16's CUSIP 302571104 ended as NEE@2012-06-29's 65339F101 began on 2010-06-04)
FIGI handoff: GCI@2008-01-16 joins BBG000BK5DP1, the line TGNA@2015-06-30 is confirmed on (GCI@2008-01-16's CUSIP 364730101 ended as TGNA@2015-06-30's 87901J105 began on 2015-07-02)
FIGI handoff: HANS@2008-01-16 joins BBG000CXD6X9, the line MNST@2012-06-29 is confirmed on (HANS@2008-01-16's CUSIP 411310105 ended as MNST@2012-06-29's 611740101 began on 2012-01-09)
FIGI handoff: HB@2008-01-16 joins BBG000BKWCS0, the line HRC@2012-06-29 is confirmed on (HB@2008-01-16's CUSIP 431573104 ended as HRC@2012-06-29's 431475102 began on 2008-04-04)
FIGI handoff: HCN@2008-01-16 joins BBG000BKY1G5, the line HCN@2015-12-31 is confirmed on (HCN@2008-01-16's CUSIP 42217K106 ended as HCN@2015-12-31's 95040Q104 began on 2015-10-01)
FIGI handoff: HCP@2008-01-16 joins BBG000BKYDP9, the line DOC@2024-06-30 is confirmed on (HCP@2008-01-16's CUSIP 40414L109 ended as DOC@2024-06-30's 42250P103 began on 2019-11-05)
FIGI handoff: HCP@2014-12-31 joins BBG000BKYDP9, the line DOC@2024-06-30 is confirmed on (HCP@2008-01-16's CUSIP 40414L109 ended as DOC@2024-06-30's 42250P103 began on 2019-11-05)
FIGI handoff: HOC@2008-01-16 joins BBG000BL9JQ1, the line HFC@2012-06-29 is confirmed on (HOC@2008-01-16's CUSIP 435758305 ended as HFC@2012-06-29's 436106108 began on 2011-07-05)
FIGI handoff: HPQ@2008-01-16 joins BBG000KHWT55, the line HPQ@2015-12-31 is confirmed on (HPQ@2008-01-16's CUSIP 428236103 ended as HPQ@2015-12-31's 40434L105 began on 2015-11-06)
FIGI handoff: HRS@2008-01-16 joins BBG000BLGFJ9, the line LHX@2019-06-30 is confirmed on (HRS@2008-01-16's CUSIP 413875105 ended as LHX@2019-06-30's 502431109 began on 2019-07-01)
FIGI handoff: HTA@2014-12-31 joins BBG000PRJCX9, the line HR@2022-12-31 is confirmed on (HTA@2014-12-31's CUSIP 42225P501 ended as HR@2022-12-31's 42226K105 began on 2022-07-22)
FIGI handoff: IAC@2020-12-31 joins BBG00S1LR2C3, the line IAC@2021-06-30 is confirmed on (IAC@2020-12-31's CUSIP 44891N109 ended as IAC@2021-06-30's 44891N208 began on 2021-05-26)
FIGI handoff: ISIS@2015-06-30 joins BBG000JH6683, the line IONS@2015-12-31 is confirmed on (ISIS@2015-06-30's CUSIP 464330109 ended as IONS@2015-12-31's 462222100 began on 2015-12-22)
FIGI handoff: IVGN@2008-01-16 joins BBG000CKJ0P3, the line LIFE@2012-06-29 is confirmed on (IVGN@2008-01-16's CUSIP 46185R100 ended as LIFE@2012-06-29's 53217V109 began on 2008-11-25)
FIGI handoff: JDSU@2008-01-16 joins BBG000BP7JB0, the line VIAV@2015-12-31 is confirmed on (JDSU@2008-01-16's CUSIP 46612J507 ended as VIAV@2015-12-31's 925550105 began on 2015-08-07)
FIGI handoff: KORS@2012-06-29 joins BBG0029SNR63, the line CPRI@2018-12-31 is confirmed on (KORS@2012-06-29's CUSIP G60754101 ended as CPRI@2018-12-31's G1890L107 began on 2019-01-02)
FIGI handoff: KORS@2014-12-31 joins BBG0029SNR63, the line CPRI@2018-12-31 is confirmed on (KORS@2012-06-29's CUSIP G60754101 ended as CPRI@2018-12-31's G1890L107 began on 2019-01-02)
FIGI handoff: LEAF@2015-06-30 joins BBG005497GZ3, the line OMF@2015-12-31 is confirmed on (LEAF@2015-06-30's CUSIP 85172J101 ended as OMF@2015-12-31's 68268W103 began on 2015-11-27)
FIGI handoff: LTD@2008-01-16 joins BBG000BNGTQ7, the line LB@2013-06-28 is confirmed on (LTD@2008-01-16's CUSIP 532716107 ended as LB@2013-06-28's 501797104 began on 2013-04-01)
FIGI handoff: LUK@2008-01-16 joins BBG000BNHSP9, the line JEF@2018-06-30 is confirmed on (LUK@2008-01-16's CUSIP 527288104 ended as JEF@2018-06-30's 47233W109 began on 2018-05-24)
FIGI handoff: LUK@2012-06-29 joins BBG000BNHSP9, the line JEF@2018-06-30 is confirmed on (LUK@2008-01-16's CUSIP 527288104 ended as JEF@2018-06-30's 47233W109 began on 2018-05-24)
FIGI handoff: LUK@2014-12-31 joins BBG000BNHSP9, the line JEF@2018-06-30 is confirmed on (LUK@2008-01-16's CUSIP 527288104 ended as JEF@2018-06-30's 47233W109 began on 2018-05-24)
FIGI handoff: MFS@2016-06-30 joins BBG0081JXTR0, the line WBT@2017-06-30 is confirmed on (MFS@2016-06-30's CUSIP 563568104 ended as WBT@2017-06-30's 949090104 began on 2017-03-07)
FIGI handoff: MHFI@2012-06-29 joins BBG000BP1Q11, the line SPGI@2016-06-30 is confirmed on (MHFI@2012-06-29's CUSIP 580645109 ended as SPGI@2016-06-30's 78409V104 began on 2016-04-28)
FIGI handoff: MHFI@2014-12-31 joins BBG000BP1Q11, the line SPGI@2016-06-30 is confirmed on (MHFI@2012-06-29's CUSIP 580645109 ended as SPGI@2016-06-30's 78409V104 began on 2016-04-28)
FIGI handoff: MHP@2008-01-16 joins BBG000BP1Q11, the line SPGI@2016-06-30 is confirmed on (MHFI@2012-06-29's CUSIP 580645109 ended as SPGI@2016-06-30's 78409V104 began on 2016-04-28)
FIGI handoff: MOT@2008-01-16 joins BBG000BP8Z50, the line MSI@2012-06-29 is confirmed on (MOT@2008-01-16's CUSIP 620076109 ended as MSI@2012-06-29's 620076307 began on 2011-01-06)
FIGI handoff: NE@2009-06-08 joins BBG000DTMH63, the line NE@2015-06-30 is confirmed on (NE@2009-06-08's CUSIP H5833N103 ended as NE@2015-06-30's G65431101 began on 2013-11-21)
FIGI handoff: NU@2008-01-16 joins BBG000BQ87N0, the line ES@2015-06-30 is confirmed on (NU@2008-01-16's CUSIP 664397106 ended as ES@2015-06-30's 30040W108 began on 2015-02-19)
FIGI handoff: OZRK@2017-06-30 joins BBG000QFJJW0, the line OZK@2018-12-31 is confirmed on (OZRK@2017-06-30's CUSIP 063904106 ended as OZK@2018-12-31's 06417N103 began on 2018-07-16)
FIGI handoff: PAH@2014-06-30 joins BBG005C4XHR3, the line ESI@2019-06-30 is confirmed on (PAH@2014-06-30's CUSIP 72766Q105 ended as ESI@2019-06-30's 28618M106 began on 2019-02-01)
FIGI handoff: PCLN@2012-06-29 joins BBG000BLBVN4, the line BKNG@2018-06-30 is confirmed on (PCLN@2012-06-29's CUSIP 741503403 ended as BKNG@2018-06-30's 09857L108 began on 2018-02-27)
FIGI handoff: PCLN@2014-12-31 joins BBG000BLBVN4, the line BKNG@2018-06-30 is confirmed on (PCLN@2012-06-29's CUSIP 741503403 ended as BKNG@2018-06-30's 09857L108 began on 2018-02-27)
FIGI handoff: PCS@2008-01-16 joins BBG000NDV1D4, the line TMUS@2013-06-28 is confirmed on (PCS@2008-01-16's CUSIP 591708102 ended as TMUS@2013-06-28's 872590104 began on 2013-05-01)
FIGI handoff: PDX@2008-01-16 joins BBG000H8LGK2, the line MD@2012-06-29 is confirmed on (PDX@2008-01-16's CUSIP 705324101 ended as MD@2012-06-29's 58502B106 began on 2009-01-02)
FIGI handoff: Q@2013-12-31 joins BBG00333FYS2, the line IQV@2017-12-31 is confirmed on (Q@2013-12-31's CUSIP 74876Y101 ended as IQV@2017-12-31's 46266C105 began on 2017-11-16)
FIGI handoff: Q@2014-12-31 joins BBG00333FYS2, the line IQV@2017-12-31 is confirmed on (Q@2013-12-31's CUSIP 74876Y101 ended as IQV@2017-12-31's 46266C105 began on 2017-11-16)
FIGI handoff: Q@2016-12-30 joins BBG00333FYS2, the line IQV@2017-12-31 is confirmed on (Q@2013-12-31's CUSIP 74876Y101 ended as IQV@2017-12-31's 46266C105 began on 2017-11-16)
FIGI handoff: SERV@2014-12-31 joins BBG002WMH2F2, the line TMX@2020-12-31 is confirmed on (SERV@2014-12-31's CUSIP 81761R109 ended as TMX@2020-12-31's 88087E100 began on 2020-10-05)
FIGI handoff: SIRI@2008-11-18 joins BBG000BT0093, the line SIRI@2013-12-31 is confirmed on (SIRI@2008-11-18's CUSIP 82967N108 ended as SIRI@2013-12-31's 82968B103 began on 2013-11-18)
FIGI handoff: SLE@2008-01-16 joins BBG000BT4T69, the line HSH@2012-06-29 is confirmed on (SLE@2008-01-16's CUSIP 803111103 ended as HSH@2012-06-29's 432589109 began on 2012-07-03)
FIGI handoff: SPW@2008-01-16 joins BBG000BTGCV5, the line SPXC@2015-12-31 is confirmed on (SPW@2008-01-16 shares CUSIP 784635104 with SPXC@2015-12-31)
FIGI handoff: SRP@2008-01-16 joins BBG000BBDPQ4, the line NVE@2012-06-29 is confirmed on (SRP@2008-01-16's CUSIP 826428104 ended as NVE@2012-06-29's 67073Y106 began on 2008-11-21)
FIGI handoff: SSS@2016-06-30 joins BBG000C42VL3, the line LSI@2016-12-30 is confirmed on (SSS@2016-06-30's CUSIP 84610H108 ended as LSI@2016-12-30's 53223X107 began on 2016-08-15)
FIGI handoff: TMA@2008-01-16 joins BBG000BBG3P1, the line TMA@2008-11-18 is confirmed on (TMA@2008-01-16's CUSIP 885218107 ended as TMA@2008-11-18's 885218800 began on 2008-10-02)
FIGI handoff: TMK@2008-01-16 joins BBG000BVD6X4, the line GL@2019-12-31 is confirmed on (TMK@2008-01-16's CUSIP 891027104 ended as GL@2019-12-31's 37959E102 began on 2019-08-09)
FIGI handoff: TSO@2008-01-16 joins BBG000BVPPM1, the line ANDV@2017-12-31 is confirmed on (TSO@2008-01-16's CUSIP 881609101 ended as ANDV@2017-12-31's 03349M105 began on 2017-08-02)
FIGI handoff: TYC@2014-12-31 joins BBG000BVWLJ6, the line JCI@2016-12-30 is confirmed on (TYC@2014-12-31's CUSIP G91442106 ended as JCI@2016-12-30's G51502105 began on 2016-09-07)
FIGI handoff: UBNT@2018-06-30 joins BBG001R72SR9, the line UI@2019-12-31 is confirmed on (UBNT@2018-06-30's CUSIP 90347A100 ended as UI@2019-12-31's 90353W103 began on 2019-08-20)
FIGI handoff: UTR@2008-01-16 joins BBG000H3GDJ8, the line KMPR@2012-06-29 is confirmed on (UTR@2008-01-16's CUSIP 913275103 ended as KMPR@2012-06-29's 488401100 began on 2011-08-25)
FIGI handoff: UTX@2008-01-16 joins BBG000BW8S60, the line RTX@2020-06-30 is confirmed on (UTX@2008-01-16's CUSIP 913017109 ended as RTX@2020-06-30's 75513E101 began on 2020-04-03)
FIGI handoff: UTX@2012-06-29 joins BBG000BW8S60, the line RTX@2020-06-30 is confirmed on (UTX@2008-01-16's CUSIP 913017109 ended as RTX@2020-06-30's 75513E101 began on 2020-04-03)
FIGI handoff: UTX@2014-12-31 joins BBG000BW8S60, the line RTX@2020-06-30 is confirmed on (UTX@2008-01-16's CUSIP 913017109 ended as RTX@2020-06-30's 75513E101 began on 2020-04-03)
FIGI handoff: VNTV@2012-06-29 joins BBG0027Y18M0, the line WP@2018-06-30 is confirmed on (VNTV@2012-06-29's CUSIP 92210H105 ended as WP@2018-06-30's 981558109 began on 2018-01-16)
FIGI handoff: WFR@2008-01-16 joins BBG000F80SZ5, the line SUNE@2014-12-31 is confirmed on (WFR@2008-01-16's CUSIP 552715104 ended as SUNE@2014-12-31's 86732Y109 began on 2013-06-03)
FIGI handoff: WLP@2008-01-16 joins BBG000BCG930, the line ANTM@2012-06-29 is confirmed on (WLP@2008-01-16's CUSIP 94973V107 ended as ANTM@2012-06-29's 036752103 began on 2014-12-03)
FIGI handoff: WTR@2008-01-16 joins BBG000BRMJN6, the line WTRG@2020-06-30 is confirmed on (WTR@2008-01-16's CUSIP 03836W103 ended as WTRG@2020-06-30's 29670G102 began on 2020-02-03)
FIGI handoff: WTR@2012-06-29 joins BBG000BRMJN6, the line WTRG@2020-06-30 is confirmed on (WTR@2008-01-16's CUSIP 03836W103 ended as WTRG@2020-06-30's 29670G102 began on 2020-02-03)
FIGI handoff: WTR@2014-12-31 joins BBG000BRMJN6, the line WTRG@2020-06-30 is confirmed on (WTR@2008-01-16's CUSIP 03836W103 ended as WTRG@2020-06-30's 29670G102 began on 2020-02-03)
FIGI handoff: XL@2008-01-16 joins BBG000C9W1Y1, the line XL@2012-06-29 is confirmed on (XL@2008-01-16's CUSIP G98255105 ended as XL@2012-06-29's G98290102 began on 2010-07-02)
FIGI backfill: GATX@2012-06-29 joins BBG000BKGXQ4, the line its issuer and class traded on over its dates (no fails row under GATX then)
FIGI backfill: J@2012-06-29 joins BBG000BMFFQ0, the line its issuer and class traded on over its dates (no fails row under J then)
FIGI backfill: TCF@2012-06-29 joins BBG000C0NY96, the line its issuer and class traded on over its dates (no fails row under TCF then)
FIGI backfill: WYND@2012-06-29 joins BBG000PV2L86, the line its issuer and class traded on over its dates (no fails row under WYND then)
FIGI handoff: ABI@2009-06-08 joins BBG000FJJW82 with its issuer and class, held with no pick of its own (guard c)
FIGI handoff: ACE@2008-01-16 joins BBG000BR14K5 with its issuer and class, held with no pick of its own (guard c)
FIGI handoff: DDR@2008-01-16 joins BBG000BGZ832 with its issuer and class, held with no pick of its own (guard c)
FIGI handoff: DDR@2012-06-29 joins BBG000BGZ832 with its issuer and class, held with no pick of its own (guard c)
FIGI handoff: HRP@2008-01-16 joins BBG000BLG1L7 with its issuer and class, held with no pick of its own (guard c)
FIGI handoff: HTA@2013-12-31 joins BBG000PRJCX9 with its issuer and class, held with no pick of its own (guard c)
FIGI handoff: PEAK@2012-06-29 joins BBG000BKYDP9 with its issuer and class, held with no pick of its own (guard c)
FIGI handoff: SIRI@2008-01-16 joins BBG000BT0093 with its issuer and class, held with no pick of its own (guard c)
FIGI handoff: TYC@2008-01-16 joins BBG000BVWLJ6 with its issuer and class, held with no pick of its own (guard c)
FIGI handoff: TYC@2009-03-20 joins BBG000BVWLJ6 with its issuer and class, held with no pick of its own (guard c)
FIGI handoff: WTW@2008-01-16 joins BBG000DY6735 with its issuer and class, held with no pick of its own (guard c)
FIGI ticker pick withdrawn: APTV@2012-06-29 would carry BBG01R914LT5's APTV range across BBG001QD41M9's confirmed one
FIGI ticker pick withdrawn: HTZ@2008-01-16 would carry BBG011N57109's HTZ range across BBG00D1WHZD9's confirmed one
FIGI ticker pick withdrawn: ITT@2008-01-16 would carry BBG00CVQZQ96's ITT range across BBG000BMB7R1's confirmed one
FIGI ticker pick withdrawn: XRX@2008-01-16 would carry BBG00NNG2ZJ8's XRX range across BBG000BX5ZF5's confirmed one
FIGI ticker pick withdrawn: Z@2014-06-30 would carry BBG009NRSWJ4's Z range across BBG000D13GN8's confirmed one
FIGI handoff: ABI@2008-01-16 joins BBG000FJJW82, the line ABI@2008-07-25 is confirmed on (ABI@2008-01-16's CUSIP 038020103 ended as ABI@2008-07-25's 038149100 began on 2008-07-02)
FIGI handoff: ACAS@2008-01-16 joins BBG000BYR208, the line ACAS@2008-07-25 is confirmed on (ACAS@2008-01-16's CUSIP 024937104 ended as ACAS@2008-07-25's 02503Y103 began on 2008-07-09)
FIGI handoff: ACE@2008-07-25 joins BBG000BR14K5, the line CB@2016-06-30 is confirmed on (ACE@2008-07-25's CUSIP H0023R105 ended as CB@2016-06-30's H1467J104 began on 2016-01-19)
FIGI handoff: ACT@2014-12-31 joins BBG000FH8PX5, the line AGN@2015-06-30 is confirmed on (ACT@2014-12-31's CUSIP G0083B108 ended as AGN@2015-06-30's G0177J108 began on 2015-06-15)
FIGI handoff: AIV@2012-06-29 joins BBG000DD3510, the line AIV@2008-01-16 is confirmed on (AIV@2012-06-29 shares CUSIP 03748R101 with AIV@2008-01-16)
FIGI handoff: AMB@2008-01-16 joins BBG000B9Z0J8, the line PLD@2012-06-29 is confirmed on (AMB@2008-01-16's CUSIP 00163T109 ended as PLD@2012-06-29's 74340W103 began on 2011-06-06)
FIGI handoff: ARCP@2014-06-30 joins BBG001J4J8T9, the line VER@2015-12-31 is confirmed on (ARCP@2014-06-30's CUSIP 02917T104 ended as VER@2015-12-31's 92339V100 began on 2015-07-31)
FIGI handoff: ATK@2008-01-16 joins BBG000C4VW39, the line OA@2015-06-30 is confirmed on (ATK@2008-01-16's CUSIP 018804104 ended as OA@2015-06-30's 68557N103 began on 2015-02-13)
FIGI handoff: AWH@2008-01-16 joins BBG000N8Y8W6, the line AWH@2014-12-31 is confirmed on (AWH@2008-01-16's CUSIP G0219G203 ended as AWH@2014-12-31's H01531104 began on 2010-12-02)
FIGI handoff: BWC@2012-06-29 joins BBG000D86F25, the line BWXT@2015-12-31 is confirmed on (BWC@2012-06-29's CUSIP 05615F102 ended as BWXT@2015-12-31's 05605H100 began on 2015-07-06)
FIGI handoff: CBS@2008-01-16 joins BBG000C496P7, the line PARA@2022-06-30 is confirmed on (CBS@2008-01-16's CUSIP 124857202 ended as PARA@2022-06-30's 92556H206 began on 2019-12-05)
FIGI handoff: CFX@2012-06-29 joins BBG000C5Z443, the line ENOV@2022-06-30 is confirmed on (CFX@2012-06-29's CUSIP 194014106 ended as ENOV@2022-06-30's 194014502 began on 2022-04-06)
FIGI handoff: CLNS@2017-06-30 joins BBG00D30HGP6, the line CLNY@2018-06-30 is confirmed on (CLNS@2017-06-30's CUSIP 19625W104 ended as CLNY@2018-06-30's 19626G108 began on 2018-06-25)
FIGI handoff: COH@2008-01-16 joins BBG000BY29C7, the line TPR@2017-12-31 is confirmed on (COH@2008-01-16's CUSIP 189754104 ended as TPR@2017-12-31's 876030107 began on 2017-10-31)
FIGI handoff: COH@2012-06-29 joins BBG000BY29C7, the line TPR@2017-12-31 is confirmed on (COH@2008-01-16's CUSIP 189754104 ended as TPR@2017-12-31's 876030107 began on 2017-10-31)
FIGI handoff: COH@2014-12-31 joins BBG000BY29C7, the line TPR@2017-12-31 is confirmed on (COH@2008-01-16's CUSIP 189754104 ended as TPR@2017-12-31's 876030107 began on 2017-10-31)
FIGI handoff: CPO@2008-01-16 joins BBG000BXPZB7, the line INGR@2012-06-29 is confirmed on (CPO@2008-01-16's CUSIP 219023108 ended as INGR@2012-06-29's 457187102 began on 2012-06-04)
FIGI handoff: CREE@2008-01-16 joins BBG000BG14P4, the line WOLF@2021-12-31 is confirmed on (CREE@2008-01-16's CUSIP 225447101 ended as WOLF@2021-12-31's 977852102 began on 2021-10-05)
FIGI handoff: CWH@2012-06-29 joins BBG000BLG1L7, the line EQC@2014-12-31 is confirmed on (CWH@2012-06-29's CUSIP 203233101 ended as EQC@2014-12-31's 294628102 began on 2014-08-04)
FIGI handoff: DDR@2018-06-30 joins BBG000BGZ832, the line SITC@2018-12-31 is confirmed on (DDR@2018-06-30's CUSIP 23317H854 ended as SITC@2018-12-31's 82981J109 began on 2018-10-12)
FIGI handoff: DLPH@2015-06-30 joins BBG001QD41M9, the line APTV@2017-12-31 is confirmed on (DLPH@2015-06-30's CUSIP G27823106 ended as APTV@2017-12-31's G6095L109 began on 2017-12-06)
FIGI handoff: DPS@2012-06-29 joins BBG000TJM7F0, the line KDP@2018-12-31 is confirmed on (DPS@2012-06-29's CUSIP 26138E109 ended as KDP@2018-12-31's 49271V100 began on 2018-07-11)
FIGI handoff: DPS@2014-12-31 joins BBG000TJM7F0, the line KDP@2018-12-31 is confirmed on (DPS@2012-06-29's CUSIP 26138E109 ended as KDP@2018-12-31's 49271V100 began on 2018-07-11)
FIGI handoff: DTV@2012-06-29 joins BBG000FL1TC8, the line DTV@2012-12-31 is confirmed on (DTV@2012-06-29's CUSIP 25490A101 ended as DTV@2012-12-31's 25490A309 began on 2012-08-29)
FIGI handoff: DWDP@2017-12-31 joins BBG00BN961G4, the line DD@2019-06-30 is confirmed on (DWDP@2017-12-31's CUSIP 26078J100 ended as DD@2019-06-30's 26614N102 began on 2019-06-04)
FIGI handoff: FO@2008-01-16 joins BBG000FBR384, the line BEAM@2012-06-29 is confirmed on (FO@2008-01-16's CUSIP 349631101 ended as BEAM@2012-06-29's 073730103 began on 2011-10-05)
FIGI handoff: FPL@2008-01-16 joins BBG000BJSBJ0, the line NEE@2012-06-29 is confirmed on (FPL@2008-01-16's CUSIP 302571104 ended as NEE@2012-06-29's 65339F101 began on 2010-06-04)
FIGI handoff: GCI@2008-01-16 joins BBG000BK5DP1, the line TGNA@2015-06-30 is confirmed on (GCI@2008-01-16's CUSIP 364730101 ended as TGNA@2015-06-30's 87901J105 began on 2015-07-02)
FIGI handoff: HANS@2008-01-16 joins BBG000CXD6X9, the line MNST@2012-06-29 is confirmed on (HANS@2008-01-16's CUSIP 411310105 ended as MNST@2012-06-29's 611740101 began on 2012-01-09)
FIGI handoff: HB@2008-01-16 joins BBG000BKWCS0, the line HRC@2012-06-29 is confirmed on (HB@2008-01-16's CUSIP 431573104 ended as HRC@2012-06-29's 431475102 began on 2008-04-04)
FIGI handoff: HCN@2008-01-16 joins BBG000BKY1G5, the line HCN@2015-12-31 is confirmed on (HCN@2008-01-16's CUSIP 42217K106 ended as HCN@2015-12-31's 95040Q104 began on 2015-10-01)
FIGI handoff: HCP@2008-01-16 joins BBG000BKYDP9, the line DOC@2024-06-30 is confirmed on (HCP@2008-01-16's CUSIP 40414L109 ended as DOC@2024-06-30's 42250P103 began on 2019-11-05)
FIGI handoff: HCP@2014-12-31 joins BBG000BKYDP9, the line DOC@2024-06-30 is confirmed on (HCP@2008-01-16's CUSIP 40414L109 ended as DOC@2024-06-30's 42250P103 began on 2019-11-05)
FIGI handoff: HOC@2008-01-16 joins BBG000BL9JQ1, the line HFC@2012-06-29 is confirmed on (HOC@2008-01-16's CUSIP 435758305 ended as HFC@2012-06-29's 436106108 began on 2011-07-05)
FIGI handoff: HPQ@2008-01-16 joins BBG000KHWT55, the line HPQ@2015-12-31 is confirmed on (HPQ@2008-01-16's CUSIP 428236103 ended as HPQ@2015-12-31's 40434L105 began on 2015-11-06)
FIGI handoff: HRS@2008-01-16 joins BBG000BLGFJ9, the line LHX@2019-06-30 is confirmed on (HRS@2008-01-16's CUSIP 413875105 ended as LHX@2019-06-30's 502431109 began on 2019-07-01)
FIGI handoff: HTA@2014-12-31 joins BBG000PRJCX9, the line HR@2022-12-31 is confirmed on (HTA@2014-12-31's CUSIP 42225P501 ended as HR@2022-12-31's 42226K105 began on 2022-07-22)
FIGI handoff: HTZ@2008-01-16 joins BBG000FNRZ69, the line HRI@2016-12-30 is confirmed on (HTZ@2008-01-16's CUSIP 42805T105 ended as HRI@2016-12-30's 42704L104 began on 2016-07-05)
FIGI handoff: IAC@2020-12-31 joins BBG00S1LR2C3, the line IAC@2021-06-30 is confirmed on (IAC@2020-12-31's CUSIP 44891N109 ended as IAC@2021-06-30's 44891N208 began on 2021-05-26)
FIGI handoff: ISIS@2015-06-30 joins BBG000JH6683, the line IONS@2015-12-31 is confirmed on (ISIS@2015-06-30's CUSIP 464330109 ended as IONS@2015-12-31's 462222100 began on 2015-12-22)
FIGI handoff: ITT@2008-01-16 joins BBG000BMB7R1, the line ITT@2012-06-29 is confirmed on (ITT@2008-01-16's CUSIP 450911102 ended as ITT@2012-06-29's 450911201 began on 2011-11-02)
FIGI handoff: IVGN@2008-01-16 joins BBG000CKJ0P3, the line LIFE@2012-06-29 is confirmed on (IVGN@2008-01-16's CUSIP 46185R100 ended as LIFE@2012-06-29's 53217V109 began on 2008-11-25)
FIGI handoff: JDSU@2008-01-16 joins BBG000BP7JB0, the line VIAV@2015-12-31 is confirmed on (JDSU@2008-01-16's CUSIP 46612J507 ended as VIAV@2015-12-31's 925550105 began on 2015-08-07)
FIGI handoff: KORS@2012-06-29 joins BBG0029SNR63, the line CPRI@2018-12-31 is confirmed on (KORS@2012-06-29's CUSIP G60754101 ended as CPRI@2018-12-31's G1890L107 began on 2019-01-02)
FIGI handoff: KORS@2014-12-31 joins BBG0029SNR63, the line CPRI@2018-12-31 is confirmed on (KORS@2012-06-29's CUSIP G60754101 ended as CPRI@2018-12-31's G1890L107 began on 2019-01-02)
FIGI handoff: LEAF@2015-06-30 joins BBG005497GZ3, the line OMF@2015-12-31 is confirmed on (LEAF@2015-06-30's CUSIP 85172J101 ended as OMF@2015-12-31's 68268W103 began on 2015-11-27)
FIGI handoff: LTD@2008-01-16 joins BBG000BNGTQ7, the line LB@2013-06-28 is confirmed on (LTD@2008-01-16's CUSIP 532716107 ended as LB@2013-06-28's 501797104 began on 2013-04-01)
FIGI handoff: LUK@2008-01-16 joins BBG000BNHSP9, the line JEF@2018-06-30 is confirmed on (LUK@2008-01-16's CUSIP 527288104 ended as JEF@2018-06-30's 47233W109 began on 2018-05-24)
FIGI handoff: LUK@2012-06-29 joins BBG000BNHSP9, the line JEF@2018-06-30 is confirmed on (LUK@2008-01-16's CUSIP 527288104 ended as JEF@2018-06-30's 47233W109 began on 2018-05-24)
FIGI handoff: LUK@2014-12-31 joins BBG000BNHSP9, the line JEF@2018-06-30 is confirmed on (LUK@2008-01-16's CUSIP 527288104 ended as JEF@2018-06-30's 47233W109 began on 2018-05-24)
FIGI handoff: MFS@2016-06-30 joins BBG0081JXTR0, the line WBT@2017-06-30 is confirmed on (MFS@2016-06-30's CUSIP 563568104 ended as WBT@2017-06-30's 949090104 began on 2017-03-07)
FIGI handoff: MHFI@2012-06-29 joins BBG000BP1Q11, the line SPGI@2016-06-30 is confirmed on (MHFI@2012-06-29's CUSIP 580645109 ended as SPGI@2016-06-30's 78409V104 began on 2016-04-28)
FIGI handoff: MHFI@2014-12-31 joins BBG000BP1Q11, the line SPGI@2016-06-30 is confirmed on (MHFI@2012-06-29's CUSIP 580645109 ended as SPGI@2016-06-30's 78409V104 began on 2016-04-28)
FIGI handoff: MHP@2008-01-16 joins BBG000BP1Q11, the line SPGI@2016-06-30 is confirmed on (MHFI@2012-06-29's CUSIP 580645109 ended as SPGI@2016-06-30's 78409V104 began on 2016-04-28)
FIGI handoff: MOT@2008-01-16 joins BBG000BP8Z50, the line MSI@2012-06-29 is confirmed on (MOT@2008-01-16's CUSIP 620076109 ended as MSI@2012-06-29's 620076307 began on 2011-01-06)
FIGI handoff: NE@2009-06-08 joins BBG000DTMH63, the line NE@2015-06-30 is confirmed on (NE@2009-06-08's CUSIP H5833N103 ended as NE@2015-06-30's G65431101 began on 2013-11-21)
FIGI handoff: NU@2008-01-16 joins BBG000BQ87N0, the line ES@2015-06-30 is confirmed on (NU@2008-01-16's CUSIP 664397106 ended as ES@2015-06-30's 30040W108 began on 2015-02-19)
FIGI handoff: OZRK@2017-06-30 joins BBG000QFJJW0, the line OZK@2018-12-31 is confirmed on (OZRK@2017-06-30's CUSIP 063904106 ended as OZK@2018-12-31's 06417N103 began on 2018-07-16)
FIGI handoff: PAH@2014-06-30 joins BBG005C4XHR3, the line ESI@2019-06-30 is confirmed on (PAH@2014-06-30's CUSIP 72766Q105 ended as ESI@2019-06-30's 28618M106 began on 2019-02-01)
FIGI handoff: PCLN@2012-06-29 joins BBG000BLBVN4, the line BKNG@2018-06-30 is confirmed on (PCLN@2012-06-29's CUSIP 741503403 ended as BKNG@2018-06-30's 09857L108 began on 2018-02-27)
FIGI handoff: PCLN@2014-12-31 joins BBG000BLBVN4, the line BKNG@2018-06-30 is confirmed on (PCLN@2012-06-29's CUSIP 741503403 ended as BKNG@2018-06-30's 09857L108 began on 2018-02-27)
FIGI handoff: PCS@2008-01-16 joins BBG000NDV1D4, the line TMUS@2013-06-28 is confirmed on (PCS@2008-01-16's CUSIP 591708102 ended as TMUS@2013-06-28's 872590104 began on 2013-05-01)
FIGI handoff: PDX@2008-01-16 joins BBG000H8LGK2, the line MD@2012-06-29 is confirmed on (PDX@2008-01-16's CUSIP 705324101 ended as MD@2012-06-29's 58502B106 began on 2009-01-02)
FIGI handoff: Q@2013-12-31 joins BBG00333FYS2, the line IQV@2017-12-31 is confirmed on (Q@2013-12-31's CUSIP 74876Y101 ended as IQV@2017-12-31's 46266C105 began on 2017-11-16)
FIGI handoff: Q@2014-12-31 joins BBG00333FYS2, the line IQV@2017-12-31 is confirmed on (Q@2013-12-31's CUSIP 74876Y101 ended as IQV@2017-12-31's 46266C105 began on 2017-11-16)
FIGI handoff: Q@2016-12-30 joins BBG00333FYS2, the line IQV@2017-12-31 is confirmed on (Q@2013-12-31's CUSIP 74876Y101 ended as IQV@2017-12-31's 46266C105 began on 2017-11-16)
FIGI handoff: SERV@2014-12-31 joins BBG002WMH2F2, the line TMX@2020-12-31 is confirmed on (SERV@2014-12-31's CUSIP 81761R109 ended as TMX@2020-12-31's 88087E100 began on 2020-10-05)
FIGI handoff: SIRI@2008-11-18 joins BBG000BT0093, the line SIRI@2013-12-31 is confirmed on (SIRI@2008-11-18's CUSIP 82967N108 ended as SIRI@2013-12-31's 82968B103 began on 2013-11-18)
FIGI handoff: SLE@2008-01-16 joins BBG000BT4T69, the line HSH@2012-06-29 is confirmed on (SLE@2008-01-16's CUSIP 803111103 ended as HSH@2012-06-29's 432589109 began on 2012-07-03)
FIGI handoff: SPW@2008-01-16 joins BBG000BTGCV5, the line SPXC@2015-12-31 is confirmed on (SPW@2008-01-16 shares CUSIP 784635104 with SPXC@2015-12-31)
FIGI handoff: SRP@2008-01-16 joins BBG000BBDPQ4, the line NVE@2012-06-29 is confirmed on (SRP@2008-01-16's CUSIP 826428104 ended as NVE@2012-06-29's 67073Y106 began on 2008-11-21)
FIGI handoff: SSS@2016-06-30 joins BBG000C42VL3, the line LSI@2016-12-30 is confirmed on (SSS@2016-06-30's CUSIP 84610H108 ended as LSI@2016-12-30's 53223X107 began on 2016-08-15)
FIGI handoff: TMA@2008-01-16 joins BBG000BBG3P1, the line TMA@2008-11-18 is confirmed on (TMA@2008-01-16's CUSIP 885218107 ended as TMA@2008-11-18's 885218800 began on 2008-10-02)
FIGI handoff: TMK@2008-01-16 joins BBG000BVD6X4, the line GL@2019-12-31 is confirmed on (TMK@2008-01-16's CUSIP 891027104 ended as GL@2019-12-31's 37959E102 began on 2019-08-09)
FIGI handoff: TSO@2008-01-16 joins BBG000BVPPM1, the line ANDV@2017-12-31 is confirmed on (TSO@2008-01-16's CUSIP 881609101 ended as ANDV@2017-12-31's 03349M105 began on 2017-08-02)
FIGI handoff: TYC@2014-12-31 joins BBG000BVWLJ6, the line JCI@2016-12-30 is confirmed on (TYC@2014-12-31's CUSIP G91442106 ended as JCI@2016-12-30's G51502105 began on 2016-09-07)
FIGI handoff: UBNT@2018-06-30 joins BBG001R72SR9, the line UI@2019-12-31 is confirmed on (UBNT@2018-06-30's CUSIP 90347A100 ended as UI@2019-12-31's 90353W103 began on 2019-08-20)
FIGI handoff: UTR@2008-01-16 joins BBG000H3GDJ8, the line KMPR@2012-06-29 is confirmed on (UTR@2008-01-16's CUSIP 913275103 ended as KMPR@2012-06-29's 488401100 began on 2011-08-25)
FIGI handoff: UTX@2008-01-16 joins BBG000BW8S60, the line RTX@2020-06-30 is confirmed on (UTX@2008-01-16's CUSIP 913017109 ended as RTX@2020-06-30's 75513E101 began on 2020-04-03)
FIGI handoff: UTX@2012-06-29 joins BBG000BW8S60, the line RTX@2020-06-30 is confirmed on (UTX@2008-01-16's CUSIP 913017109 ended as RTX@2020-06-30's 75513E101 began on 2020-04-03)
FIGI handoff: UTX@2014-12-31 joins BBG000BW8S60, the line RTX@2020-06-30 is confirmed on (UTX@2008-01-16's CUSIP 913017109 ended as RTX@2020-06-30's 75513E101 began on 2020-04-03)
FIGI handoff: VNTV@2012-06-29 joins BBG0027Y18M0, the line WP@2018-06-30 is confirmed on (VNTV@2012-06-29's CUSIP 92210H105 ended as WP@2018-06-30's 981558109 began on 2018-01-16)
FIGI handoff: WFR@2008-01-16 joins BBG000F80SZ5, the line SUNE@2014-12-31 is confirmed on (WFR@2008-01-16's CUSIP 552715104 ended as SUNE@2014-12-31's 86732Y109 began on 2013-06-03)
FIGI handoff: WLP@2008-01-16 joins BBG000BCG930, the line ANTM@2012-06-29 is confirmed on (WLP@2008-01-16's CUSIP 94973V107 ended as ANTM@2012-06-29's 036752103 began on 2014-12-03)
FIGI handoff: WTR@2008-01-16 joins BBG000BRMJN6, the line WTRG@2020-06-30 is confirmed on (WTR@2008-01-16's CUSIP 03836W103 ended as WTRG@2020-06-30's 29670G102 began on 2020-02-03)
FIGI handoff: WTR@2012-06-29 joins BBG000BRMJN6, the line WTRG@2020-06-30 is confirmed on (WTR@2008-01-16's CUSIP 03836W103 ended as WTRG@2020-06-30's 29670G102 began on 2020-02-03)
FIGI handoff: WTR@2014-12-31 joins BBG000BRMJN6, the line WTRG@2020-06-30 is confirmed on (WTR@2008-01-16's CUSIP 03836W103 ended as WTRG@2020-06-30's 29670G102 began on 2020-02-03)
FIGI handoff: XL@2008-01-16 joins BBG000C9W1Y1, the line XL@2012-06-29 is confirmed on (XL@2008-01-16's CUSIP G98255105 ended as XL@2012-06-29's G98290102 began on 2010-07-02)
FIGI handoff: XRX@2008-01-16 joins BBG000BX5ZF5, the line XRX@2017-06-30 is confirmed on (XRX@2008-01-16's CUSIP 984121103 ended as XRX@2017-06-30's 984121608 began on 2017-06-16)
FIGI backfill: GATX@2012-06-29 joins BBG000BKGXQ4, the line its issuer and class traded on over its dates (no fails row under GATX then)
FIGI backfill: J@2012-06-29 joins BBG000BMFFQ0, the line its issuer and class traded on over its dates (no fails row under J then)
FIGI backfill: TCF@2012-06-29 joins BBG000C0NY96, the line its issuer and class traded on over its dates (no fails row under TCF then)
FIGI backfill: WYND@2012-06-29 joins BBG000PV2L86, the line its issuer and class traded on over its dates (no fails row under WYND then)
FIGI handoff: ABI@2009-06-08 joins BBG000FJJW82 with its issuer and class, held with no pick of its own (guard c)
FIGI handoff: ACE@2008-01-16 joins BBG000BR14K5 with its issuer and class, held with no pick of its own (guard c)
FIGI handoff: DDR@2008-01-16 joins BBG000BGZ832 with its issuer and class, held with no pick of its own (guard c)
FIGI handoff: DDR@2012-06-29 joins BBG000BGZ832 with its issuer and class, held with no pick of its own (guard c)
FIGI handoff: HRP@2008-01-16 joins BBG000BLG1L7 with its issuer and class, held with no pick of its own (guard c)
FIGI handoff: HTA@2013-12-31 joins BBG000PRJCX9 with its issuer and class, held with no pick of its own (guard c)
FIGI handoff: PEAK@2012-06-29 joins BBG000BKYDP9 with its issuer and class, held with no pick of its own (guard c)
FIGI handoff: SIRI@2008-01-16 joins BBG000BT0093 with its issuer and class, held with no pick of its own (guard c)
FIGI handoff: TYC@2008-01-16 joins BBG000BVWLJ6 with its issuer and class, held with no pick of its own (guard c)
FIGI handoff: TYC@2009-03-20 joins BBG000BVWLJ6 with its issuer and class, held with no pick of its own (guard c)
FIGI handoff: WTW@2008-01-16 joins BBG000DY6735 with its issuer and class, held with no pick of its own (guard c)
2206 securities; FIGI sources {'cusip': 2061, 'placeholder': 95, 'ticker': 50}
line follow: {'attach': 74, 'fold': 26, 'refused:bankruptcy': 6, 'refused:merged_out': 12, 'refused:name': 4, 'refused:no_filing': 2, 'refused:otc_move': 15, 'refused:other_registrant': 2, 'successor': 8}; 26 placeholders folded, 8 line successors
line follow: 0 EDGAR requests, 0 SEC data-file downloads (all threads)
[50/2205] securities searched; 25 delistings so far
[100/2205] securities searched; 48 delistings so far
[150/2205] securities searched; 69 delistings so far
[200/2205] securities searched; 103 delistings so far
[250/2205] securities searched; 121 delistings so far
[300/2205] securities searched; 146 delistings so far
[350/2205] securities searched; 168 delistings so far
[400/2205] securities searched; 188 delistings so far
[450/2205] securities searched; 211 delistings so far
[500/2205] securities searched; 235 delistings so far
[550/2205] securities searched; 256 delistings so far
[600/2205] securities searched; 281 delistings so far
[650/2205] securities searched; 292 delistings so far
[700/2205] securities searched; 314 delistings so far
[750/2205] securities searched; 335 delistings so far
[800/2205] securities searched; 360 delistings so far
[850/2205] securities searched; 383 delistings so far
[900/2205] securities searched; 404 delistings so far
[950/2205] securities searched; 433 delistings so far
[1000/2205] securities searched; 455 delistings so far
[1050/2205] securities searched; 472 delistings so far
[1100/2205] securities searched; 493 delistings so far
[1150/2205] securities searched; 519 delistings so far
[1200/2205] securities searched; 545 delistings so far
[1250/2205] securities searched; 568 delistings so far
[1300/2205] securities searched; 590 delistings so far
[1350/2205] securities searched; 612 delistings so far
[1400/2205] securities searched; 634 delistings so far
[1450/2205] securities searched; 665 delistings so far
[1500/2205] securities searched; 691 delistings so far
[1550/2205] securities searched; 711 delistings so far
[1600/2205] securities searched; 728 delistings so far
[1650/2205] securities searched; 749 delistings so far
[1700/2205] securities searched; 773 delistings so far
[1750/2205] securities searched; 800 delistings so far
[1800/2205] securities searched; 819 delistings so far
[1850/2205] securities searched; 834 delistings so far
[1900/2205] securities searched; 854 delistings so far
[1950/2205] securities searched; 865 delistings so far
[2000/2205] securities searched; 882 delistings so far
[2050/2205] securities searched; 895 delistings so far
[2100/2205] securities searched; 905 delistings so far
[2150/2205] securities searched; 920 delistings so far
[2200/2205] securities searched; 963 delistings so far
delisting search: 0 EDGAR requests, 0 SEC data-file downloads (all threads)
dead before first sighting: 31 securities took CUSIPs from fails rows before their end
dead before first sighting: 0 EDGAR requests, 0 SEC data-file downloads (all threads)
payouts: 0 EDGAR requests, 0 SEC data-file downloads (all threads)
successor search: 0 EDGAR requests, 0 SEC data-file downloads (all threads)
handoff search: 0 EDGAR requests, 0 SEC data-file downloads (all threads)
handoffs: 96 candidate pairs; {'handoffs': 81, 'continuations_by_filing': 47, 'continuations_by_timing': 26, 'takeovers': 8, 'conflicts': 11, 'rows_added': 28}
handoff rows dated from their Form 25 notice: 10
handoff notice dates: 0 EDGAR requests, 0 SEC data-file downloads (all threads)
observation_map: 35955 of 35955 observations mapped
ticker evidence: 0 EDGAR requests, 0 SEC data-file downloads (all threads)
issuers in force: 0 EDGAR requests, 0 SEC data-file downloads (all threads)
scorecard drop: D.mismatches.ending: 0 -> 1
scorecard drop: D.mismatches.sec_id: 0 -> 22
scorecard drop: L1.closed_no_event: 49 -> 56
scorecard drop: L2.high_share: 0.754412 -> 0.749638
scorecard drop: L2.low: 172 -> 179
scorecard drop: R1.1.mapped_share: 0.984981 -> 0.984842
scorecard drop: R2.1.missing_last_trade_date: 40 -> 41
scorecard drop: R2.1.missing_last_trade_date_in_window: 37 -> 38
scorecard drop: R2.5.distress_blank_dlret: 2 -> 3
scorecard drop: R2.5.distress_no_last_trade_date: 1 -> 2
scorecard drop: R2.6.distress_flagged: 44 -> 48
scorecard drop: R2.7.payout_rule_known: 855 -> 842
scorecard drop: V.audit.confirmed_but_wrong: 42 -> 57
WARNING: 13 scorecard number(s) got worse than the floor in data/scorecard.json: D.mismatches.ending: 0 -> 1; D.mismatches.sec_id: 0 -> 22; L1.closed_no_event: 49 -> 56; L2.high_share: 0.754412 -> 0.749638; L2.low: 172 -> 179; R1.1.mapped_share: 0.984981 -> 0.984842; R2.1.missing_last_trade_date: 40 -> 41; R2.1.missing_last_trade_date_in_window: 37 -> 38; R2.5.distress_blank_dlret: 2 -> 3; R2.5.distress_no_last_trade_date: 1 -> 2; R2.6.distress_flagged: 44 -> 48; R2.7.payout_rule_known: 855 -> 842; V.audit.confirmed_but_wrong: 42 -> 57
Rows written: {'securities': 2233, 'ticker_history': 2882, 'cusip_history': 2765, 'delistings': 996, 'payouts': 712, 'review': 663, 'review_summary': 40, 'observation_map': 35955, 'uncertain': 697, 'security_history': 2897, 'contract_delistings': 858, 'seeds': 35955, 'price_requests': 1052, 'id_changes': 0}
Delistings by bucket: {'liquidation': 56, 'merger': 688, 'exchange_transfer': 232, 'compliance_failure': 11, 'unknown': 7, 'expiration': 2}
FIGI sources: {'cusip': 2061, 'placeholder': 69, 'handoff': 25, 'ticker': 50}
Review flags: {'last_trade_date_conflict': 53, 'ftd_close_prior': 108, 'resolved_by_current_ticker_map': 124, 'no_form25': 59, 'delist_date_approx': 46, 'successor_unknown': 26, 'ftd_close_lagged': 135, 'acquirer_close_lagged': 36, 'llm_gate_failed': 25, 'merger_at_par': 66, 'no_last_trade_date': 122, 'no_last_close': 153, 'payout_gate_failed': 17, 'terms_gate_failed': 58, 'last_trade_date_unconfirmed': 49, 'handoff_continuation': 54, 'observed_after_delisting': 30, 'no_evidence_default': 9, 'member_name_mismatch': 37, 'distress_at_normal_price': 4, 'resolved_by_cik_map': 11, 'bankruptcy_before_merger': 1, 'bankruptcy_tag_unconfirmed': 1, 'line_continuation': 1, 'identity_detached': 5, 'no_figi': 75, 'observation_unresolved': 1, 'issuer_inferred': 68, 'observation_conflict': 6, 'ticker_unconfirmed': 61, 'line_follow_refused': 41, 'line_followed': 103, 'ended_without_delisting': 49, 'form25_unclassified': 116, 'form25_unmatched': 33, 'handoff_rebucketed': 24, 'handoff_conflict': 11, 'handoff_takeover_no_delisting': 1, 'ticker_shared': 8}
Review: 105 fix, 558 check (560 info-only rows hidden, 0 accepted, 0 unmatched decisions)
Uncertain (uncertain.csv): 51 securities, 254 endings, 526 seeds
Contract (contract/): 2897 security intervals, 858 endings, 1052 price requests, 0 id changes
